// Jest Snapshot v1, https://goo.gl/fbAQLP

exports[`Popup should match the snapshot with all the data passed in 1`] = `
<div
  className="info-popup"
>
  <h3>
    Ordinary [React] Wizarding Level
  </h3>
  <h3>
    How to Play:
  </h3>
  <p>
    You can choose from the filters to quiz yourself on specific topics or run through them at random.
  </p>
  <p>
    Should you get a question correct, you will earn your house points. Should you get a quesion wrong, you will earn all other houses points.
  </p>
  <section
    className="disabled"
  >
    <p>
      To Study previously incorrect questions click 'Study' then Start!
    </p>
    <button>
      Study
    </button>
    <button>
      Clear
    </button>
  </section>
  <button>
    Start!
  </button>
</div>
`;
